yarn run v1.22.22
$ next build
   ▲ Next.js 15.5.9
   - Environments: .env

   Creating an optimized production build ...
 ✓ Compiled successfully in 9.6s
   Linting and checking validity of types ...

./src/app/dashboard/billing/page.tsx
16:3  Warning: 'Select' is defined but never used. Allowed unused vars must match /^_/u.  @typescript-eslint/no-unused-vars
17:3  Warning: 'SelectContent' is defined but never used. Allowed unused vars must match /^_/u.  @typescript-eslint/no-unused-vars
18:3  Warning: 'SelectItem' is defined but never used. Allowed unused vars must match /^_/u.  @typescript-eslint/no-unused-vars
19:3  Warning: 'SelectTrigger' is defined but never used. Allowed unused vars must match /^_/u.  @typescript-eslint/no-unused-vars
20:3  Warning: 'SelectValue' is defined but never used. Allowed unused vars must match /^_/u.  @typescript-eslint/no-unused-vars
28:3  Warning: 'ArrowUpRight' is defined but never used. Allowed unused vars must match /^_/u.  @typescript-eslint/no-unused-vars
29:3  Warning: 'ArrowDown' is defined but never used. Allowed unused vars must match /^_/u.  @typescript-eslint/no-unused-vars

info  - Need to disable some ESLint rules? Learn more here: https://nextjs.org/docs/app/api-reference/config/eslint#disabling-rules
Failed to compile.

./src/app/api/v1/customer-auth/me/route.ts:28:32
Type error: Property 'firstName' does not exist on type 'Document<unknown, {}, ICustomer, {}, {}> & ICustomer & Required<{ _id: unknown; }> & { __v: number; }'.

[0m [90m 26 |[39m     [36mconst[39m fullName [33m=[39m (customer[33m.[39mname [33m||[39m [32m""[39m)[33m.[39mtrim()[33m;[39m
 [90m 27 |[39m     [36mconst[39m nameParts [33m=[39m fullName [33m?[39m fullName[33m.[39msplit([35m/\s+/[39m) [33m:[39m [][33m;[39m
[31m[1m>[22m[39m[90m 28 |[39m     [36mconst[39m firstName [33m=[39m customer[33m.[39mfirstName [33m||[39m nameParts[[35m0[39m] [33m||[39m [32m""[39m[33m;[39m
 [90m    |[39m                                [31m[1m^[22m[39m
 [90m 29 |[39m     [36mconst[39m lastName [33m=[39m
 [90m 30 |[39m       customer[33m.[39mlastName [33m||[39m
 [90m 31 |[39m       (nameParts[33m.[39mlength [33m>[39m [35m1[39m [33m?[39m nameParts[33m.[39mslice([35m1[39m)[33m.[39mjoin([32m" "[39m) [33m:[39m [32m""[39m)[33m;[39m[0m
Next.js build worker exited with code: 1 and signal: null
error Command failed with exit code 1.
info Visit https://yarnpkg.com/en/docs/cli/run for documentation about this command.
